ASxxxx Linker V03.00/V05.40 + sdld,  page 1.
Hexadecimal  [32-Bits]

Area                                    Addr        Size        Decimal Bytes (Attributes)
--------------------------------        ----        ----        ------- ----- ------------
.  .ABS.                            00000000    00000000 =           0. bytes (ABS,CON)

      Value  Global                              Global Defined In Module
      -----  --------------------------------   ------------------------
     00000000  .__.ABS.                           
     00000000  _rRAMG                             
     00000000  l__BASE                         
     00000000  l__BSS                          
     00000000  l__CABS                         
     00000000  l__CODE_0                       
     00000000  l__CRASH_HEADER                 
     00000000  l__CRASH_SCRATCH                
     00000000  l__DABS                         
     00000000  l__HEADER                       
     00000000  l__HEADER_LCD                   
     00000000  l__HEADER_SIO                   
     00000000  l__HEADER_TIMER                 
     00000000  l__HEAP                         
     00000000  l__HEAP_END                     
     00000000  l__HRAM                         
     00000000  l__LIT                          
     00000000  s__CABS                         
     00000000  s__CRASH_HEADER                 
     00000000  s__CRASH_HEADER0                
     00000000  s__CRASH_HEADER1                
     00000000  s__CRASH_SCRATCH                
     00000000  s__CRASH_SCRATCH2               
     00000000  s__DABS                         
     00000000  s__HEADER                       
     00000000  s__HEADER0                      
     00000000  s__HEADER1                      
     00000000  s__HEADER10                     
     00000000  s__HEADER11                     
     00000000  s__HEADER2                      
     00000000  s__HEADER3                      
     00000000  s__HEADER4                      
     00000000  s__HEADER5                      
     00000000  s__HEADER6                      
     00000000  s__HEADER7                      
     00000000  s__HEADER8                      
     00000000  s__HEADER9                      
     00000000  s__HEADER_LCD                   
     00000000  s__HEADER_LCD0                  
     00000000  s__HEADER_SIO                   
     00000000  s__HEADER_SIO0                  
     00000000  s__HEADER_TIMER                 
     00000000  s__HEADER_TIMER0                
     00000000  s__HEADERa                      
     00000000  s__HEADERb                      
     00000000  s__HEADERc                      
     00000000  s__HEADERd                      
     00000000  s__HEADERe                      
     00000000  s__HEADERf                      
     00000000  s__HRAM                         
ASxxxx Linker V03.00/V05.40 + sdld,  page 2.
Hexadecimal  [32-Bits]

Area                                    Addr        Size        Decimal Bytes (Attributes)
--------------------------------        ----        ----        ------- ----- ------------
.  .ABS.                            00000000    00000000 =           0. bytes (ABS,CON)

      Value  Global                              Global Defined In Module
      -----  --------------------------------   ------------------------
     00000000  s__HRAM12                       
     00000001  ___bank_VM_SGB                     vm_sgb
     00000001  ___bank_bg_field_1_extend_tilema   bg_field_1_extend_tilemap_at
     00000001  ___bank_scene_12_sprites           scene_12_sprites
     00000001  ___bank_script_music               script_music
     00000001  b_fade_applypalettechange          fade_manager
     00000001  b_fade_in                          fade_manager
     00000001  b_fade_in_modal                    fade_manager
     00000001  b_fade_init                        fade_manager
     00000001  b_fade_out                         fade_manager
     00000001  b_fade_out_modal                   fade_manager
     00000001  b_fade_setspeed                    fade_manager
     00000001  b_fade_update                      fade_manager
     00000001  b_ui_draw_frame                    ui
     00000001  b_ui_draw_text_buffer_char         ui
     00000001  b_ui_init                          ui
     00000001  b_ui_load_tiles                    ui
     00000001  b_ui_run_menu                      ui
     00000001  b_ui_run_modal                     ui
     00000001  b_ui_set_start_tile                ui
     00000001  l__GSFINAL                      
     00000001  l__HEADER0                      
     00000001  l__HEADER5                      
     00000001  l__HEADERa                      
     00000001  l__HEADERb                      
     00000001  l__HEADERc                      
     00000001  l__HEADERe                      
     00000001  l__HEADERf                      
     00000002  ___bank_VM_PROJECTILE              vm_projectiles
     00000002  ___bank_bg_birdon_to_font_tilema   bg_birdon_to_font_tilemap_at
     00000002  ___bank_script_music_0             script_music_0
     00000002  b_vm_projectile_launch             vm_projectiles
     00000002  b_vm_projectile_load_type          vm_projectiles
     00000002  l__HEADER10                     
     00000002  l__HEADER6                      
     00000002  l__HEADERd                      
     00000003  ___bank_bg_birdon_to_font_tilema   bg_birdon_to_font_tilemap
     00000003  ___bank_scene_12_actors            scene_12_actors
     00000003  ___bank_scene_1_triggers           scene_1_triggers
     00000003  l__HEADER9                      
     00000003  l__HEADER_LCD0                  
     00000003  l__HRAM12                       
     00000004  ___bank_scene_10_triggers          scene_10_triggers
     00000004  ___bank_scene_15_actors            scene_15_actors
     00000004  ___bank_scene_26_collisions        scene_26_collisions
     00000004  l__CRASH_HEADER1                
     00000004  l__HEADER_SIO0                  
     00000004  l__HEADER_TIMER0                
     00000005  ___bank_VM_MAIN                    vm
     00000005  ___bank_bg_field_1_extend_tilema   bg_field_1_extend_tilemap
     00000005  ___bank_script_input_13            script_input_13
ASxxxx Linker V03.00/V05.40 + sdld,  page 3.
Hexadecimal  [32-Bits]

Area                                    Addr        Size        Decimal Bytes (Attributes)
--------------------------------        ----        ----        ------- ----- ------------
.  .ABS.                            00000000    00000000 =           0. bytes (ABS,CON)

      Value  Global                              Global Defined In Module
      -----  --------------------------------   ------------------------
     00000005  b_script_detach_hthread            vm
     00000005  b_script_execute                   vm
     00000005  b_script_runner_init               vm
     00000005  b_script_terminate                 vm
     00000005  b_vm_call                          vm
     00000005  b_vm_call_far                      vm
     00000005  b_vm_get_indirect                  vm
     00000005  b_vm_get_tlocal                    vm
     00000005  b_vm_idle                          vm
     00000005  b_vm_if                            vm
     00000005  b_vm_if_const                      vm
     00000005  b_vm_init_rng                      vm
     00000005  b_vm_invoke                        vm
     00000005  b_vm_join                          vm
     00000005  b_vm_jump                          vm
     00000005  b_vm_lock                          vm
     00000005  b_vm_loop                          vm
     00000005  b_vm_memcpy                        vm
     00000005  b_vm_memset                        vm
     00000005  b_vm_poll_loaded                   vm
     00000005  b_vm_pop                           vm
     00000005  b_vm_push                          vm
     00000005  b_vm_push_reference                vm
     00000005  b_vm_push_value                    vm
     00000005  b_vm_push_value_ind                vm
     00000005  b_vm_raise                         vm
     00000005  b_vm_rand                          vm
     00000005  b_vm_reserve                       vm
     00000005  b_vm_ret                           vm
     00000005  b_vm_ret_far                       vm
     00000005  b_vm_set                           vm
     00000005  b_vm_set_const                     vm
     00000005  b_vm_set_indirect                  vm
     00000005  b_vm_terminate                     vm
     00000005  b_vm_test_terminate                vm
     00000005  b_vm_unlock                        vm
     00000005  b_wait_frames                      vm
     00000005  l__CRASH_HEADER0                
     00000005  l__HEADER1                      
     00000006  ___bank_actor_2_update             actor_2_update
     00000006  ___bank_scene_16_collisions        scene_16_collisions
     00000006  ___bank_script_input_18            script_input_18
     00000006  ___bank_song_mus_town_1_Data       song_mus_town_1_Data
     00000006  l__HEADER8                      
     00000007  ___bank_bg_old_tilemap_attr        bg_old_tilemap_attr
     00000007  ___bank_song_song_template_23_Da   song_song_template_23_Data
     00000007  b_CGBZeroPalette                   palette
     00000007  b_palette_init                     palette
     00000007  l__HEADER2                      
     00000008  ___bank_bg_old_tilemap             bg_old_tilemap
     00000008  ___bank_scene_20_sprites           scene_20_sprites
ASxxxx Linker V03.00/V05.40 + sdld,  page 4.
Hexadecimal  [32-Bits]

Area                                    Addr        Size        Decimal Bytes (Attributes)
--------------------------------        ----        ----        ------- ----- ------------
.  .ABS.                            00000000    00000000 =           0. bytes (ABS,CON)

      Value  Global                              Global Defined In Module
      -----  --------------------------------   ------------------------
     00000008  ___bank_song_song_template_12_Da   song_song_template_12_Data
     00000008  b_erase_flash                      
     00000008  b_save_sram_banks                  
     00000008  l__HEADER3                      
     00000009  ___bank_actor_60_update            actor_60_update
     00000009  ___bank_bg_route1cave_tilemap_at   bg_route1cave_tilemap_attr
     00000009  ___bank_scene_11_sprites           scene_11_sprites
     00000009  ___bank_scene_22_collisions        scene_22_collisions
     0000000A  ___bank_bg_r1_old_2f_tileset       bg_r1_old_2f_tileset
     0000000A  ___bank_bg_west_to_birdon_tilema   bg_west_to_birdon_tilemap_at
     0000000A  ___bank_song_viridian_city_radio   song_viridian_city_radio__Da
     0000000B  ___bank_bg_battle_w_pokemon        bg_battle_w_pokemon
     0000000B  ___bank_bg_west_to_birdon_tilema   bg_west_to_birdon_tilemap
     0000000B  ___bank_scene_25_collisions        scene_25_collisions
     0000000B  b_atan2                            math_atan2
     0000000C  ___bank_bg_west_tilemap            bg_west_tilemap
     0000000C  ___bank_bg_west_tilemap_attr       bg_west_tilemap_attr
     0000000C  ___bank_tileset_default_frame      tileset_default_frame
     0000000C  b_copy_background_submap_to_back   copy_scene_parts
     0000000C  b_copy_background_submap_to_back   copy_scene_parts
     0000000C  b_copy_background_submap_to_over   copy_scene_parts
     0000000C  b_copy_background_submap_to_over   copy_scene_parts
     0000000C  b_copy_background_submap_to_tile   copy_scene_parts
     0000000C  b_vm_replace_background_tile       copy_scene_parts
     0000000C  b_vm_replace_overlay_tile          copy_scene_parts
     0000000D  ___bank_scene_17_sprites           scene_17_sprites
     0000000D  ___bank_scene_24_collisions        scene_24_collisions
     0000000D  ___bank_script_8                   script_8
     0000000D  ___bank_song_song_template_19_Da   song_song_template_19_Data
     0000000D  ___bank_trigger_10_interact        trigger_10_interact
     0000000E  ___bank_bg_intro_sky_tileset       bg_intro_sky_tileset
     0000000E  ___bank_bg_protagonist_tileset     bg_protagonist_tileset
     0000000E  ___bank_bg_route1cave_tilemap      bg_route1cave_tilemap
     0000000E  ___bank_scene_scene_5_init         scene_scene_5_init
     0000000E  ___bank_trigger_6_interact         trigger_6_interact
     0000000F  ___bank_ACTOR                      actor
     0000000F  ___bank_VM_ACTOR                   vm_actor
     0000000F  ___bank_bg_field_1_part_2_tilema   bg_field_1_part_2_tilemap_at
     0000000F  ___bank_scene_12_triggers          scene_12_triggers
     0000000F  b_activate_actor                   actor
     0000000F  b_activate_actors_in_col           actor
     0000000F  b_activate_actors_in_row           actor
     0000000F  b_actor_at_tile                    actor
     0000000F  b_actor_get_frame_offset           actor
     0000000F  b_actor_in_front_of_player         actor
     0000000F  b_actor_overlapping_bb             actor
     0000000F  b_actor_overlapping_player         actor
     0000000F  b_actor_set_anim_idle              actor
     0000000F  b_actor_set_anim_moving            actor
     0000000F  b_actor_set_dir                    actor
     0000000F  b_actor_set_frame_offset           actor
ASxxxx Linker V03.00/V05.40 + sdld,  page 5.
Hexadecimal  [32-Bits]

Area                                    Addr        Size        Decimal Bytes (Attributes)
--------------------------------        ----        ----        ------- ----- ------------
.  .ABS.                            00000000    00000000 =           0. bytes (ABS,CON)

      Value  Global                              Global Defined In Module
      -----  --------------------------------   ------------------------
     0000000F  b_actor_set_frames                 actor
     0000000F  b_actors_handle_player_collision   actor
     0000000F  b_actors_init                      actor
     0000000F  b_check_collision_in_direction     actor
     0000000F  b_deactivate_actor                 actor
     0000000F  b_music_events_poll                music_manager
     0000000F  b_music_init_driver                music_manager
     0000000F  b_music_init_events                music_manager
     0000000F  b_player_init                      actor
     0000000F  b_vm_actor_activate                vm_actor
     0000000F  b_vm_actor_begin_update            vm_actor
     0000000F  b_vm_actor_deactivate              vm_actor
     0000000F  b_vm_actor_emote                   vm_actor
     0000000F  b_vm_actor_get_angle               vm_actor
     0000000F  b_vm_actor_get_anim_frame          vm_actor
     0000000F  b_vm_actor_get_dir                 vm_actor
     0000000F  b_vm_actor_get_pos                 vm_actor
     0000000F  b_vm_actor_move_cancel             vm_actor
     0000000F  b_vm_actor_move_to                 vm_actor
     0000000F  b_vm_actor_replace_tile            vm_actor
     0000000F  b_vm_actor_set_anim                vm_actor
     0000000F  b_vm_actor_set_anim_frame          vm_actor
     0000000F  b_vm_actor_set_anim_set            vm_actor
     0000000F  b_vm_actor_set_anim_tick           vm_actor
     0000000F  b_vm_actor_set_bounds              vm_actor
     0000000F  b_vm_actor_set_dir                 vm_actor
     0000000F  b_vm_actor_set_flags               vm_actor
     0000000F  b_vm_actor_set_move_speed          vm_actor
     0000000F  b_vm_actor_set_pos                 vm_actor
     0000000F  b_vm_actor_set_spritesheet         vm_actor
     0000000F  b_vm_actor_set_spritesheet_by_re   vm_actor
     0000000F  b_vm_actor_terminate_update        vm_actor
     00000010  ___bank_bg_field_1_part_2_tilema   bg_field_1_part_2_tilemap
     00000010  ___bank_bg_prof_orr_lab_revision   bg_prof_orr_lab_revision_2_t
     00000010  ___bank_scene_17_collisions        scene_17_collisions
     00000010  ___bank_scene_21_sprites           scene_21_sprites
     00000010  ___bank_scene_22_sprites           scene_22_sprites
     00000010  ___bank_scene_24_sprites           scene_24_sprites
     00000010  ___bank_song_song_template_1_Dat   song_song_template_1_Data
     00000011  ___bank_VM_PALETTE                 vm_palette
     00000011  ___bank_scene_21_collisions        scene_21_collisions
     00000011  ___bank_scene_25_sprites           scene_25_sprites
     00000011  ___bank_song_song_template_0_Dat   song_song_template_0_Data
     00000011  ___bank_song_song_template_8_Dat   song_song_template_8_Data
     00000011  b_do_load_palette                  data_manager
     00000011  b_load_background                  data_manager
     00000011  b_load_bkg_tileset                 data_manager
     00000011  b_load_bounds                      data_manager
     00000011  b_load_emote                       data_manager
     00000011  b_load_init                        data_manager
     00000011  b_load_player                      data_manager
ASxxxx Linker V03.00/V05.40 + sdld,  page 6.
Hexadecimal  [32-Bits]

Area                                    Addr        Size        Decimal Bytes (Attributes)
--------------------------------        ----        ----        ------- ----- ------------
.  .ABS.                            00000000    00000000 =           0. bytes (ABS,CON)

      Value  Global                              Global Defined In Module
      -----  --------------------------------   ------------------------
     00000011  b_load_scene                       data_manager
     00000011  b_load_sprite                      data_manager
     00000011  b_vm_load_palette                  vm_palette
     00000012  ___bank_bg_birdon_to_font          bg_birdon_to_font
     00000012  ___bank_bg_playerhousefloor1_rev   bg_playerhousefloor1_revisi_
     00000012  ___bank_font_pkmn_font             font_pkmn_font
     00000012  ___bank_song_song_template_15_Da   song_song_template_15_Data
     00000012  ___bank_song_song_template_Data    song_song_template_Data
     00000012  b_camera_init                      camera
     00000012  b_camera_update                    camera
     00000012  b_set_sgb_border                   sgb_border
     00000013  ___bank_bg_playerhousefloor1_rev   bg_playerhousefloor1_revisi_
     00000013  ___bank_bg_playerhousefloor2_rev   bg_playerhousefloor2_revisi_
     00000013  ___bank_bg_playerhousefloor2_rev   bg_playerhousefloor2_revisi_
     00000013  ___bank_bg_prof_orr_lab_pkmn_sel   bg_prof_orr_lab_pkmn_select_
     00000013  ___bank_bg_prof_orr_lab_pkmn_sel   bg_prof_orr_lab_pkmn_select_
     00000013  ___bank_bg_prof_orr_lab_pkmn_sel   bg_prof_orr_lab_pkmn_select_
     00000013  ___bank_bg_prof_orr_lab_revision   bg_prof_orr_lab_revision_2_t
     00000013  ___bank_bg_prof_orr_lab_revision   bg_prof_orr_lab_revision_2_t
     00000013  ___bank_bg_title_screen_magnoste   bg_title_screen_magnosteel_t
     00000013  ___bank_sprite_blank               sprite_blank
     00000014  ___bank_VM_UI                      vm_ui
     00000014  ___bank_scene_10_collisions        scene_10_collisions
     00000014  ___bank_scene_12_collisions        scene_12_collisions
     00000014  ___bank_scene_8_collisions         scene_8_collisions
     00000014  ___bank_scene_9_collisions         scene_9_collisions
     00000014  ___bank_scene_scene_4_collisions   scene_scene_4_collisions
     00000014  ___bank_scene_scene_4_triggers     scene_scene_4_triggers
     00000014  ___bank_scene_scene_5_collisions   scene_scene_5_collisions
     00000014  b_projectile_launch                projectiles
     00000014  b_projectiles_init                 projectiles
     00000014  b_scroll_init                      scroll
     00000014  b_scroll_repaint                   scroll
     00000014  b_scroll_reset                     scroll
     00000014  b_scroll_update                    scroll
     00000014  b_vm_choice                        vm_ui
     00000014  b_vm_display_text                  vm_ui
     00000014  b_vm_overlay_clear                 vm_ui
     00000014  b_vm_overlay_move_to               vm_ui
     00000014  b_vm_overlay_scroll                vm_ui
     00000014  b_vm_overlay_set_map               vm_ui
     00000014  b_vm_overlay_set_scroll            vm_ui
     00000014  b_vm_overlay_set_submap            vm_ui
     00000014  b_vm_overlay_set_submap_ex         vm_ui
     00000014  b_vm_overlay_setpos                vm_ui
     00000014  b_vm_overlay_show                  vm_ui
     00000014  b_vm_overlay_wait                  vm_ui
     00000014  b_vm_set_font                      vm_ui
     00000014  b_vm_set_text_sound                vm_ui
     00000014  b_vm_switch_text_layer             vm_ui
     00000015  ___bank_VM_GAMEBOY                 vm_gameboy
ASxxxx Linker V03.00/V05.40 + sdld,  page 7.
Hexadecimal  [32-Bits]

Area                                    Addr        Size        Decimal Bytes (Attributes)
--------------------------------        ----        ----        ------- ----- ------------
.  .ABS.                            00000000    00000000 =           0. bytes (ABS,CON)

      Value  Global                              Global Defined In Module
      -----  --------------------------------   ------------------------
     00000015  ___bank_bg_old_west_gate_1f_tile   bg_old_west_gate_1f_tilemap
     00000015  ___bank_bg_old_west_gate_1f_tile   bg_old_west_gate_1f_tilemap_
     00000015  ___bank_bg_r1_old_2f_tilemap       bg_r1_old_2f_tilemap
     00000015  ___bank_bg_r1_old_2f_tilemap_att   bg_r1_old_2f_tilemap_attr
     00000015  ___bank_bg_r1_old_tilemap          bg_r1_old_tilemap
     00000015  ___bank_bg_r1_old_tilemap_attr     bg_r1_old_tilemap_attr
     00000015  ___bank_bg_west_birdon_gate_tile   bg_west_birdon_gate_tilemap_
     00000015  ___bank_trigger_26_interact        trigger_26_interact
     00000015  ___bank_trigger_29_interact        trigger_29_interact
     00000015  b_topdown_init                     topdown
     00000015  b_topdown_update                   topdown
     00000015  b_vm_context_prepare               vm_gameboy
     00000015  b_vm_fade                          vm_gameboy
     00000015  b_vm_get_tile_xy                   vm_gameboy
     00000015  b_vm_input_attach                  vm_gameboy
     00000015  b_vm_input_detach                  vm_gameboy
     00000015  b_vm_input_get                     vm_gameboy
     00000015  b_vm_input_wait                    vm_gameboy
     00000015  b_vm_load_tileset                  vm_gameboy
     00000015  b_vm_poll                          vm_gameboy
     00000015  b_vm_replace_tile                  vm_gameboy
     00000015  b_vm_replace_tile_xy               vm_gameboy
     00000015  b_vm_rumble                        vm_gameboy
     00000015  b_vm_set_sprite_mode               vm_gameboy
     00000015  b_vm_set_sprites_visible           vm_gameboy
     00000015  b_vm_timer_prepare                 vm_gameboy
     00000015  b_vm_timer_reset                   vm_gameboy
     00000015  b_vm_timer_set                     vm_gameboy
     00000015  b_vm_timer_stop                    vm_gameboy
     00000016  ___bank_bg_birdon_to_font_tilese   bg_birdon_to_font_tileset
     00000016  ___bank_bg_old_tileset             bg_old_tileset
     00000016  ___bank_bg_west_birdon_gate_tile   bg_west_birdon_gate_tilemap
     00000016  ___bank_bg_west_tileset            bg_west_tileset
     00000016  ___bank_bg_west_to_birdon_tilese   bg_west_to_birdon_tileset
     00000016  ___bank_scene_0_collisions         scene_0_collisions
     00000016  ___bank_scene_1_collisions         scene_1_collisions
     00000016  ___bank_scene_27_collisions        scene_27_collisions
     00000016  ___bank_scene_28_collisions        scene_28_collisions
     00000016  ___bank_scene_29_collisions        scene_29_collisions
     00000016  b_gbprinter_detect                 gbprinter
     00000016  b_gbprinter_print_overlay          gbprinter
     00000017  ___bank_VM_CAMERA                  vm_camera
     00000017  ___bank_VM_SIO                     vm_sio
     00000017  ___bank_bg_copyright_screen_tile   bg_copyright_screen_tilemap
     00000017  ___bank_bg_copyright_screen_tile   bg_copyright_screen_tilemap_
     00000017  ___bank_bg_field_1_extend_tilese   bg_field_1_extend_tileset
     00000017  ___bank_bg_field_1_part_2_tilese   bg_field_1_part_2_tileset
     00000017  ___bank_bg_playerhousefloor1_rev   bg_playerhousefloor1_revisi_
     00000017  ___bank_bg_playerhousefloor2_rev   bg_playerhousefloor2_revisi_
     00000017  ___bank_bg_route1cave_tileset      bg_route1cave_tileset
     00000017  ___bank_scene_14_collisions        scene_14_collisions
ASxxxx Linker V03.00/V05.40 + sdld,  page 8.
Hexadecimal  [32-Bits]

Area                                    Addr        Size        Decimal Bytes (Attributes)
--------------------------------        ----        ----        ------- ----- ------------
.  .ABS.                            00000000    00000000 =           0. bytes (ABS,CON)

      Value  Global                              Global Defined In Module
      -----  --------------------------------   ------------------------
     00000017  ___bank_scene_20_init              scene_20_init
     00000017  ___bank_scene_scene_6_collisions   scene_scene_6_collisions
     00000017  ___bank_scene_scene_6_init         scene_scene_6_init
     00000017  ___bank_sprite_buryman_tileset     sprite_buryman_tileset
     00000017  ___bank_sprite_ho_oh_front_tiles   sprite_ho_oh_front_tileset
     00000017  ___bank_sprite_shine_sprites       sprite_shine_sprites
     00000017  ___bank_sprite_shine_sprites_til   sprite_shine_sprites_tileset
     00000017  b___HandleCrash_banked             
     00000017  b_camera_shake_frames              vm_camera
     00000017  b_core_reset                       core
     00000017  b_core_run                         core
     00000017  b_data_clear                       load_save
     00000017  b_data_init                        load_save
     00000017  b_data_load                        load_save
     00000017  b_data_peek                        load_save
     00000017  b_data_save                        load_save
     00000017  b_trigger_activate_at              trigger
     00000017  b_trigger_activate_at_intersecti   trigger
     00000017  b_trigger_at_intersection          trigger
     00000017  b_trigger_at_tile                  trigger
     00000017  b_trigger_interact                 trigger
     00000017  b_trigger_reset                    trigger
     00000017  b_vm_camera_move_to                vm_camera
     00000017  b_vm_camera_set_pos                vm_camera
     00000017  b_vm_sio_exchange                  vm_sio
     00000017  b_vm_sio_set_mode                  vm_sio
     00000018  ___bank_VM_MUSIC                   vm_music
     00000018  ___bank_actor_43_update            actor_43_update
     00000018  ___bank_actor_44_update            actor_44_update
     00000018  ___bank_actor_47_update            actor_47_update
     00000018  ___bank_actor_51_update            actor_51_update
     00000018  ___bank_actor_52_update            actor_52_update
     00000018  ___bank_actor_56_update            actor_56_update
     00000018  ___bank_actor_57_update            actor_57_update
     00000018  ___bank_actor_58_update            actor_58_update
     00000018  ___bank_actor_59_update            actor_59_update
     00000018  ___bank_actor_5_update             actor_5_update
     00000018  ___bank_actor_6_update             actor_6_update
     00000018  ___bank_bg_battle_w_pokemon_tile   bg_battle_w_pokemon_tilemap
     00000018  ___bank_bg_battle_w_pokemon_tile   bg_battle_w_pokemon_tilemap_
     00000018  ___bank_bg_battle_w_pokemon_tile   bg_battle_w_pokemon_tileset
     00000018  ___bank_bg_blank_tilemap           bg_blank_tilemap
     00000018  ___bank_bg_blank_tilemap_attr      bg_blank_tilemap_attr
     00000018  ___bank_bg_debug_menu_tilemap      bg_debug_menu_tilemap
     00000018  ___bank_bg_debug_menu_tilemap_at   bg_debug_menu_tilemap_attr
     00000018  ___bank_bg_intro_sky_tilemap       bg_intro_sky_tilemap
     00000018  ___bank_bg_intro_sky_tilemap_att   bg_intro_sky_tilemap_attr
     00000018  ___bank_bg_new_game_tilemap        bg_new_game_tilemap
     00000018  ___bank_bg_new_game_tilemap_attr   bg_new_game_tilemap_attr
     00000018  ___bank_bg_protagonist_tilemap     bg_protagonist_tilemap
     00000018  ___bank_bg_protagonist_tilemap_a   bg_protagonist_tilemap_attr
ASxxxx Linker V03.00/V05.40 + sdld,  page 9.
Hexadecimal  [32-Bits]

Area                                    Addr        Size        Decimal Bytes (Attributes)
--------------------------------        ----        ----        ------- ----- ------------
.  .ABS.                            00000000    00000000 =           0. bytes (ABS,CON)

      Value  Global                              Global Defined In Module
      -----  --------------------------------   ------------------------
     00000018  ___bank_bg_r1_old_tileset          bg_r1_old_tileset
     00000018  ___bank_bg_title_screen_magnoste   bg_title_screen_magnosteel_t
     00000018  ___bank_bg_title_screen_magnoste   bg_title_screen_magnosteel_t
     00000018  ___bank_scene_11_collisions        scene_11_collisions
     00000018  ___bank_scene_13_collisions        scene_13_collisions
     00000018  ___bank_scene_15_collisions        scene_15_collisions
     00000018  ___bank_scene_16_p_hit1            scene_16_p_hit1
     00000018  ___bank_scene_19_collisions        scene_19_collisions
     00000018  ___bank_scene_20_collisions        scene_20_collisions
     00000018  ___bank_scene_23_collisions        scene_23_collisions
     00000018  ___bank_scene_7_collisions         scene_7_collisions
     00000018  ___bank_scene_continue_new_game_   scene_continue_new_game_coll
     00000018  ___bank_scene_title_screen_colli   scene_title_screen_collision
     00000018  ___bank_sprite_betobebii_back_ti   sprite_betobebii_back_tilese
     00000018  ___bank_sprite_orr_tileset         sprite_orr_tileset
     00000018  ___bank_sprite_player_back_sprit   sprite_player_back_sprite_ti
     00000018  ___bank_sprite_woman_sprites_til   sprite_woman_sprites_tileset
     00000018  ___bank_trigger_41_interact        trigger_41_interact
     00000018  b_vm_music_mute                    vm_music
     00000018  b_vm_music_play                    vm_music
     00000018  b_vm_music_routine                 vm_music
     00000018  b_vm_music_setpos                  vm_music
     00000018  b_vm_music_stop                    vm_music
     00000018  b_vm_sfx_play                      vm_music
     00000018  b_vm_sound_mastervol               vm_music
     00000018  l__INITIALIZED                  
     00000018  l__INITIALIZER                  
     00000019  ___bank_VM_GBPRINTER               vm_gbprinter
     00000019  ___bank_VM_LOAD_SAVE               vm_load_save
     00000019  ___bank_VM_MATH                    vm_math
     00000019  ___bank_VM_RTC                     vm_rtc
     00000019  ___bank_VM_SCENE                   vm_scene
     00000019  ___bank_actor_48_interact          actor_48_interact
     00000019  ___bank_actor_49_interact          actor_49_interact
     00000019  ___bank_actor_50_interact          actor_50_interact
     00000019  ___bank_actor_53_interact          actor_53_interact
     00000019  ___bank_actor_56_interact          actor_56_interact
     00000019  ___bank_actor_57_interact          actor_57_interact
     00000019  ___bank_actor_61_update            actor_61_update
     00000019  ___bank_bg_blank                   bg_blank
     00000019  ___bank_bg_copyright_screen_tile   bg_copyright_screen_tileset
     00000019  ___bank_bg_debug_menu_tileset      bg_debug_menu_tileset
     00000019  ___bank_bg_new_game_tileset        bg_new_game_tileset
     00000019  ___bank_bg_old_west_gate_1f_tile   bg_old_west_gate_1f_tileset
     00000019  ___bank_bg_west_birdon_gate_tile   bg_west_birdon_gate_tileset
     00000019  ___bank_frame_image                frame_image
     00000019  ___bank_scene_11_init              scene_11_init
     00000019  ___bank_scene_14_init              scene_14_init
     00000019  ___bank_scene_15_init              scene_15_init
     00000019  ___bank_scene_16_actors            scene_16_actors
     00000019  ___bank_scene_16_init              scene_16_init
ASxxxx Linker V03.00/V05.40 + sdld,  page 10.
Hexadecimal  [32-Bits]

Area                                    Addr        Size        Decimal Bytes (Attributes)
--------------------------------        ----        ----        ------- ----- ------------
.  .ABS.                            00000000    00000000 =           0. bytes (ABS,CON)

      Value  Global                              Global Defined In Module
      -----  --------------------------------   ------------------------
     00000019  ___bank_scene_16_triggers          scene_16_triggers
     00000019  ___bank_scene_20_actors            scene_20_actors
     00000019  ___bank_scene_21_actors            scene_21_actors
     00000019  ___bank_scene_21_init              scene_21_init
     00000019  ___bank_scene_24_actors            scene_24_actors
     00000019  ___bank_scene_26_actors            scene_26_actors
     00000019  ___bank_script_2                   script_2
     00000019  ___bank_script_3                   script_3
     00000019  ___bank_script_input_10            script_input_10
     00000019  ___bank_script_input_11            script_input_11
     00000019  ___bank_script_input_12            script_input_12
     00000019  ___bank_script_input_14            script_input_14
     00000019  ___bank_script_input_17            script_input_17
     00000019  ___bank_script_input_34            script_input_34
     00000019  ___bank_script_input_35            script_input_35
     00000019  ___bank_script_input_36            script_input_36
     00000019  ___bank_script_input_5             script_input_5
     00000019  ___bank_script_input_6             script_input_6
     00000019  ___bank_script_input_9             script_input_9
     00000019  ___bank_sprite_betobebii_back      sprite_betobebii_back
     00000019  ___bank_sprite_buryman             sprite_buryman
     00000019  ___bank_sprite_fat_man_sprites     sprite_fat_man_sprites
     00000019  ___bank_sprite_fat_man_sprites_t   sprite_fat_man_sprites_tiles
     00000019  ___bank_sprite_ho_oh_front         sprite_ho_oh_front
     00000019  ___bank_sprite_orr                 sprite_orr
     00000019  ___bank_sprite_player_back_sprit   sprite_player_back_sprite
     00000019  ___bank_sprite_woman_sprites       sprite_woman_sprites
     00000019  ___bank_trigger_0_interact         trigger_0_interact
     00000019  ___bank_trigger_21_interact        trigger_21_interact
     00000019  ___bank_trigger_22_interact        trigger_22_interact
     00000019  ___bank_trigger_23_interact        trigger_23_interact
     00000019  ___bank_trigger_24_interact        trigger_24_interact
     00000019  ___bank_trigger_2_interact         trigger_2_interact
     00000019  ___bank_trigger_30_interact        trigger_30_interact
     00000019  ___bank_trigger_31_interact        trigger_31_interact
     00000019  ___bank_trigger_32_interact        trigger_32_interact
     00000019  ___bank_trigger_38_interact        trigger_38_interact
     00000019  ___bank_trigger_3_interact         trigger_3_interact
     00000019  ___bank_trigger_42_interact        trigger_42_interact
     00000019  ___bank_trigger_48_interact        trigger_48_interact
     00000019  ___bank_trigger_4_interact         trigger_4_interact
     00000019  ___bank_trigger_51_interact        trigger_51_interact
     00000019  ___bank_trigger_52_interact        trigger_52_interact
     00000019  ___bank_trigger_55_interact        trigger_55_interact
     00000019  ___bank_trigger_56_interact        trigger_56_interact
     00000019  ___bank_trigger_57_interact        trigger_57_interact
     00000019  ___bank_trigger_5_interact         trigger_5_interact
     00000019  ___bank_trigger_62_interact        trigger_62_interact
     00000019  ___bank_trigger_63_interact        trigger_63_interact
     00000019  ___bank_trigger_67_interact        trigger_67_interact
     00000019  ___bank_trigger_68_interact        trigger_68_interact
ASxxxx Linker V03.00/V05.40 + sdld,  page 11.
Hexadecimal  [32-Bits]

Area                                    Addr        Size        Decimal Bytes (Attributes)
--------------------------------        ----        ----        ------- ----- ------------
.  .ABS.                            00000000    00000000 =           0. bytes (ABS,CON)

      Value  Global                              Global Defined In Module
      -----  --------------------------------   ------------------------
     00000019  ___bank_trigger_69_interact        trigger_69_interact
     00000019  ___bank_trigger_71_interact        trigger_71_interact
     00000019  ___bank_trigger_72_interact        trigger_72_interact
     00000019  ___bank_trigger_73_interact        trigger_73_interact
     00000019  ___bank_trigger_74_interact        trigger_74_interact
     00000019  ___bank_trigger_76_interact        trigger_76_interact
     00000019  ___bank_trigger_77_interact        trigger_77_interact
     00000019  ___bank_trigger_78_interact        trigger_78_interact
     00000019  ___bank_trigger_79_interact        trigger_79_interact
     00000019  ___bank_trigger_7_interact         trigger_7_interact
     00000019  ___bank_trigger_82_interact        trigger_82_interact
     00000019  ___bank_trigger_84_interact        trigger_84_interact
     00000019  ___bank_trigger_85_interact        trigger_85_interact
     00000019  ___bank_trigger_86_interact        trigger_86_interact
     00000019  ___bank_trigger_87_interact        trigger_87_interact
     00000019  ___bank_trigger_88_interact        trigger_88_interact
     00000019  ___bank_trigger_89_interact        trigger_89_interact
     00000019  ___bank_trigger_90_interact        trigger_90_interact
     00000019  ___bank_trigger_91_interact        trigger_91_interact
     00000019  ___bank_trigger_92_interact        trigger_92_interact
     00000019  ___bank_trigger_93_interact        trigger_93_interact
     00000019  ___bank_trigger_94_interact        trigger_94_interact
     00000019  ___bank_trigger_95_interact        trigger_95_interact
     00000019  ___bank_trigger_96_interact        trigger_96_interact
     00000019  ___bank_trigger_97_interact        trigger_97_interact
     00000019  b_events_init                      events
     00000019  b_itoa_fmt                         vm_ui_a
     00000019  b_restore_sram                     flasher
     00000019  b_restore_sram_bank                flasher
     00000019  b_save_sram                        flasher
     00000019  b_timers_init                      events
     00000019  b_vm_cos_scale                     vm_math
     00000019  b_vm_print_detect                  vm_gbprinter
     00000019  b_vm_print_overlay                 vm_gbprinter
     00000019  b_vm_rtc_get                       vm_rtc
     00000019  b_vm_rtc_latch                     vm_rtc
     00000019  b_vm_rtc_set                       vm_rtc
     00000019  b_vm_rtc_start                     vm_rtc
     00000019  b_vm_save_clear                    vm_load_save
     00000019  b_vm_save_peek                     vm_load_save
     00000019  b_vm_scene_pop                     vm_scene
     00000019  b_vm_scene_pop_all                 vm_scene
     00000019  b_vm_scene_push                    vm_scene
     00000019  b_vm_scene_stack_reset             vm_scene
     00000019  b_vm_sin_scale                     vm_math
     0000001A  ___bank_SFX_1EAB4B89               SFX_1EAB4B89
     0000001A  ___bank_SFX_F22FB6C                SFX_F22FB6C
     0000001A  ___bank_bg_blank_tileset           bg_blank_tileset
     0000001A  ___bank_bg_copyright_screen        bg_copyright_screen
     0000001A  ___bank_bg_debug_menu              bg_debug_menu
     0000001A  ___bank_bg_field_1_extend          bg_field_1_extend
ASxxxx Linker V03.00/V05.40 + sdld,  page 12.
Hexadecimal  [32-Bits]

Area                                    Addr        Size        Decimal Bytes (Attributes)
--------------------------------        ----        ----        ------- ----- ------------
.  .ABS.                            00000000    00000000 =           0. bytes (ABS,CON)

      Value  Global                              Global Defined In Module
      -----  --------------------------------   ------------------------
     0000001A  ___bank_bg_field_1_part_2          bg_field_1_part_2
     0000001A  ___bank_bg_intro_sky               bg_intro_sky
     0000001A  ___bank_bg_new_game                bg_new_game
     0000001A  ___bank_bg_old                     bg_old
     0000001A  ___bank_bg_old_west_gate_1f        bg_old_west_gate_1f
     0000001A  ___bank_bg_playerhousefloor1_rev   bg_playerhousefloor1_revisi
     0000001A  ___bank_bg_playerhousefloor2_rev   bg_playerhousefloor2_revisi
     0000001A  ___bank_bg_prof_orr_lab_pkmn_sel   bg_prof_orr_lab_pkmn_select
     0000001A  ___bank_bg_prof_orr_lab_revision   bg_prof_orr_lab_revision_2
     0000001A  ___bank_bg_protagonist             bg_protagonist
     0000001A  ___bank_bg_r1_old                  bg_r1_old
     0000001A  ___bank_bg_r1_old_2f               bg_r1_old_2f
     0000001A  ___bank_bg_route1cave              bg_route1cave
     0000001A  ___bank_bg_title_screen_magnoste   bg_title_screen_magnosteel
     0000001A  ___bank_bg_west                    bg_west
     0000001A  ___bank_bg_west_birdon_gate        bg_west_birdon_gate
     0000001A  ___bank_bg_west_to_birdon          bg_west_to_birdon
     0000001A  ___bank_bootstrap_script           
     0000001A  ___bank_cursor_image               cursor_image
     0000001A  ___bank_emote_shock                emote_shock
     0000001A  ___bank_palette_0                  palette_0
     0000001A  ___bank_palette_1                  palette_1
     0000001A  ___bank_palette_10                 palette_10
     0000001A  ___bank_palette_11                 palette_11
     0000001A  ___bank_palette_12                 palette_12
     0000001A  ___bank_palette_13                 palette_13
     0000001A  ___bank_palette_14                 palette_14
     0000001A  ___bank_palette_15                 palette_15
     0000001A  ___bank_palette_16                 palette_16
     0000001A  ___bank_palette_17                 palette_17
     0000001A  ___bank_palette_18                 palette_18
     0000001A  ___bank_palette_19                 palette_19
     0000001A  ___bank_palette_2                  palette_2
     0000001A  ___bank_palette_3                  palette_3
     0000001A  ___bank_palette_4                  palette_4
     0000001A  ___bank_palette_5                  palette_5
     0000001A  ___bank_palette_6                  palette_6
     0000001A  ___bank_palette_7                  palette_7
     0000001A  ___bank_palette_8                  palette_8
     0000001A  ___bank_palette_9                  palette_9
     0000001A  ___bank_scene_0                    scene_0
     0000001A  ___bank_scene_0_init               scene_0_init
     0000001A  ___bank_scene_0_triggers           scene_0_triggers
     0000001A  ___bank_scene_1                    scene_1
     0000001A  ___bank_scene_10                   scene_10
     0000001A  ___bank_scene_10_init              scene_10_init
     0000001A  ___bank_scene_11                   scene_11
     0000001A  ___bank_scene_11_actors            scene_11_actors
     0000001A  ___bank_scene_12                   scene_12
     0000001A  ___bank_scene_12_init              scene_12_init
     0000001A  ___bank_scene_13                   scene_13
ASxxxx Linker V03.00/V05.40 + sdld,  page 13.
Hexadecimal  [32-Bits]

Area                                    Addr        Size        Decimal Bytes (Attributes)
--------------------------------        ----        ----        ------- ----- ------------
.  .ABS.                            00000000    00000000 =           0. bytes (ABS,CON)

      Value  Global                              Global Defined In Module
      -----  --------------------------------   ------------------------
     0000001A  ___bank_scene_13_init              scene_13_init
     0000001A  ___bank_scene_14                   scene_14
     0000001A  ___bank_scene_15                   scene_15
     0000001A  ___bank_scene_15_triggers          scene_15_triggers
     0000001A  ___bank_scene_16                   scene_16
     0000001A  ___bank_scene_16_sprites           scene_16_sprites
     0000001A  ___bank_scene_17                   scene_17
     0000001A  ___bank_scene_17_actors            scene_17_actors
     0000001A  ___bank_scene_17_init              scene_17_init
     0000001A  ___bank_scene_17_triggers          scene_17_triggers
     0000001A  ___bank_scene_19                   scene_19
     0000001A  ___bank_scene_19_init              scene_19_init
     0000001A  ___bank_scene_19_triggers          scene_19_triggers
     0000001A  ___bank_scene_1_init               scene_1_init
     0000001A  ___bank_scene_20                   scene_20
     0000001A  ___bank_scene_21                   scene_21
     0000001A  ___bank_scene_21_triggers          scene_21_triggers
     0000001A  ___bank_scene_22                   scene_22
     0000001A  ___bank_scene_22_actors            scene_22_actors
     0000001A  ___bank_scene_22_init              scene_22_init
     0000001A  ___bank_scene_22_triggers          scene_22_triggers
     0000001A  ___bank_scene_23                   scene_23
     0000001A  ___bank_scene_23_init              scene_23_init
     0000001A  ___bank_scene_24                   scene_24
     0000001A  ___bank_scene_24_init              scene_24_init
     0000001A  ___bank_scene_24_triggers          scene_24_triggers
     0000001A  ___bank_scene_25                   scene_25
     0000001A  ___bank_scene_25_actors            scene_25_actors
     0000001A  ___bank_scene_25_init              scene_25_init
     0000001A  ___bank_scene_25_triggers          scene_25_triggers
     0000001A  ___bank_scene_26                   scene_26
     0000001A  ___bank_scene_26_init              scene_26_init
     0000001A  ___bank_scene_26_sprites           scene_26_sprites
     0000001A  ___bank_scene_26_triggers          scene_26_triggers
     0000001A  ___bank_scene_27                   scene_27
     0000001A  ___bank_scene_27_init              scene_27_init
     0000001A  ___bank_scene_27_triggers          scene_27_triggers
     0000001A  ___bank_scene_28                   scene_28
     0000001A  ___bank_scene_28_init              scene_28_init
     0000001A  ___bank_scene_28_triggers          scene_28_triggers
     0000001A  ___bank_scene_29                   scene_29
     0000001A  ___bank_scene_29_init              scene_29_init
     0000001A  ___bank_scene_29_triggers          scene_29_triggers
     0000001A  ___bank_scene_7                    scene_7
     0000001A  ___bank_scene_7_init               scene_7_init
     0000001A  ___bank_scene_8                    scene_8
     0000001A  ___bank_scene_8_init               scene_8_init
     0000001A  ___bank_scene_8_triggers           scene_8_triggers
     0000001A  ___bank_scene_9                    scene_9
     0000001A  ___bank_scene_9_init               scene_9_init
     0000001A  ___bank_scene_9_triggers           scene_9_triggers
ASxxxx Linker V03.00/V05.40 + sdld,  page 14.
Hexadecimal  [32-Bits]

Area                                    Addr        Size        Decimal Bytes (Attributes)
--------------------------------        ----        ----        ------- ----- ------------
.  .ABS.                            00000000    00000000 =           0. bytes (ABS,CON)

      Value  Global                              Global Defined In Module
      -----  --------------------------------   ------------------------
     0000001A  ___bank_scene_continue_new_game    scene_continue_new_game
     0000001A  ___bank_scene_continue_new_game_   scene_continue_new_game_init
     0000001A  ___bank_scene_continue_new_game_   scene_continue_new_game_trig
     0000001A  ___bank_scene_scene_4              scene_scene_4
     0000001A  ___bank_scene_scene_4_init         scene_scene_4_init
     0000001A  ___bank_scene_scene_5              scene_scene_5
     0000001A  ___bank_scene_scene_5_triggers     scene_scene_5_triggers
     0000001A  ___bank_scene_scene_6              scene_scene_6
     0000001A  ___bank_scene_scene_6_actors       scene_scene_6_actors
     0000001A  ___bank_scene_scene_6_sprites      scene_scene_6_sprites
     0000001A  ___bank_scene_title_screen         scene_title_screen
     0000001A  ___bank_scene_title_screen_init    scene_title_screen_init
     0000001A  ___bank_script_11                  script_11
     0000001A  ___bank_script_4                   script_4
     0000001A  ___bank_script_engine_init         
     0000001A  ___bank_script_input               script_input
     0000001A  ___bank_script_input_0             script_input_0
     0000001A  ___bank_script_input_1             script_input_1
     0000001A  ___bank_script_input_15            script_input_15
     0000001A  ___bank_script_input_16            script_input_16
     0000001A  ___bank_script_input_19            script_input_19
     0000001A  ___bank_script_input_2             script_input_2
     0000001A  ___bank_script_input_20            script_input_20
     0000001A  ___bank_script_input_21            script_input_21
     0000001A  ___bank_script_input_22            script_input_22
     0000001A  ___bank_script_input_23            script_input_23
     0000001A  ___bank_script_input_24            script_input_24
     0000001A  ___bank_script_input_25            script_input_25
     0000001A  ___bank_script_input_26            script_input_26
     0000001A  ___bank_script_input_27            script_input_27
     0000001A  ___bank_script_input_28            script_input_28
     0000001A  ___bank_script_input_29            script_input_29
     0000001A  ___bank_script_input_3             script_input_3
     0000001A  ___bank_script_input_30            script_input_30
     0000001A  ___bank_script_input_31            script_input_31
     0000001A  ___bank_script_input_32            script_input_32
     0000001A  ___bank_script_input_33            script_input_33
     0000001A  ___bank_script_input_37            script_input_37
     0000001A  ___bank_script_input_39            script_input_39
     0000001A  ___bank_script_input_4             script_input_4
     0000001A  ___bank_script_input_40            script_input_40
     0000001A  ___bank_script_input_41            script_input_41
     0000001A  ___bank_script_input_44            script_input_44
     0000001A  ___bank_script_input_45            script_input_45
     0000001A  ___bank_script_input_46            script_input_46
     0000001A  ___bank_script_input_47            script_input_47
     0000001A  ___bank_script_input_48            script_input_48
     0000001A  ___bank_script_input_49            script_input_49
     0000001A  ___bank_script_input_50            script_input_50
     0000001A  ___bank_script_input_51            script_input_51
     0000001A  ___bank_script_input_52            script_input_52
ASxxxx Linker V03.00/V05.40 + sdld,  page 15.
Hexadecimal  [32-Bits]

Area                                    Addr        Size        Decimal Bytes (Attributes)
--------------------------------        ----        ----        ------- ----- ------------
.  .ABS.                            00000000    00000000 =           0. bytes (ABS,CON)

      Value  Global                              Global Defined In Module
      -----  --------------------------------   ------------------------
     0000001A  ___bank_script_input_53            script_input_53
     0000001A  ___bank_script_input_54            script_input_54
     0000001A  ___bank_script_input_55            script_input_55
     0000001A  ___bank_script_input_56            script_input_56
     0000001A  ___bank_script_input_57            script_input_57
     0000001A  ___bank_script_input_58            script_input_58
     0000001A  ___bank_script_input_59            script_input_59
     0000001A  ___bank_sprite_0                   sprite_0
     0000001A  ___bank_sprite_0_tileset           sprite_0_tileset
     0000001A  ___bank_sprite_1                   sprite_1
     0000001A  ___bank_sprite_1_tileset           sprite_1_tileset
     0000001A  ___bank_sprite_2                   sprite_2
     0000001A  ___bank_sprite_2_tileset           sprite_2_tileset
     0000001A  ___bank_sprite_3                   sprite_3
     0000001A  ___bank_sprite_3_tileset           sprite_3_tileset
     0000001A  ___bank_sprite_4                   sprite_4
     0000001A  ___bank_sprite_4_tileset           sprite_4_tileset
     0000001A  ___bank_sprite_5                   sprite_5
     0000001A  ___bank_sprite_5_tileset           sprite_5_tileset
     0000001A  ___bank_sprite_6                   sprite_6
     0000001A  ___bank_sprite_6_tileset           sprite_6_tileset
     0000001A  ___bank_sprite_7                   sprite_7
     0000001A  ___bank_sprite_7_tileset           sprite_7_tileset
     0000001A  ___bank_sprite_8                   sprite_8
     0000001A  ___bank_sprite_8_tileset           sprite_8_tileset
     0000001A  ___bank_sprite_9                   sprite_9
     0000001A  ___bank_sprite_9_tileset           sprite_9_tileset
     0000001A  ___bank_sprite_cave_light          sprite_cave_light
     0000001A  ___bank_sprite_cave_light_tilese   sprite_cave_light_tileset
     0000001A  ___bank_sprite_cursor              sprite_cursor
     0000001A  ___bank_sprite_cursor_tileset      sprite_cursor_tileset
     0000001A  ___bank_sprite_item                sprite_item
     0000001A  ___bank_sprite_item_tileset        sprite_item_tileset
     0000001A  ___bank_spritesheet_none           spritesheet_none
     0000001A  ___bank_trigger_100_interact       trigger_100_interact
     0000001A  ___bank_trigger_11_interact        trigger_11_interact
     0000001A  ___bank_trigger_12_interact        trigger_12_interact
     0000001A  ___bank_trigger_13_interact        trigger_13_interact
     0000001A  ___bank_trigger_14_interact        trigger_14_interact
     0000001A  ___bank_trigger_15_interact        trigger_15_interact
     0000001A  ___bank_trigger_16_interact        trigger_16_interact
     0000001A  ___bank_trigger_17_interact        trigger_17_interact
     0000001A  ___bank_trigger_18_interact        trigger_18_interact
     0000001A  ___bank_trigger_19_interact        trigger_19_interact
     0000001A  ___bank_trigger_1_interact         trigger_1_interact
     0000001A  ___bank_trigger_20_interact        trigger_20_interact
     0000001A  ___bank_trigger_25_interact        trigger_25_interact
     0000001A  ___bank_trigger_27_interact        trigger_27_interact
     0000001A  ___bank_trigger_28_interact        trigger_28_interact
     0000001A  ___bank_trigger_33_interact        trigger_33_interact
     0000001A  ___bank_trigger_34_interact        trigger_34_interact
ASxxxx Linker V03.00/V05.40 + sdld,  page 16.
Hexadecimal  [32-Bits]

Area                                    Addr        Size        Decimal Bytes (Attributes)
--------------------------------        ----        ----        ------- ----- ------------
.  .ABS.                            00000000    00000000 =           0. bytes (ABS,CON)

      Value  Global                              Global Defined In Module
      -----  --------------------------------   ------------------------
     0000001A  ___bank_trigger_35_interact        trigger_35_interact
     0000001A  ___bank_trigger_36_interact        trigger_36_interact
     0000001A  ___bank_trigger_37_interact        trigger_37_interact
     0000001A  ___bank_trigger_39_interact        trigger_39_interact
     0000001A  ___bank_trigger_40_interact        trigger_40_interact
     0000001A  ___bank_trigger_43_interact        trigger_43_interact
     0000001A  ___bank_trigger_44_interact        trigger_44_interact
     0000001A  ___bank_trigger_45_interact        trigger_45_interact
     0000001A  ___bank_trigger_46_interact        trigger_46_interact
     0000001A  ___bank_trigger_47_interact        trigger_47_interact
     0000001A  ___bank_trigger_49_interact        trigger_49_interact
     0000001A  ___bank_trigger_50_interact        trigger_50_interact
     0000001A  ___bank_trigger_53_interact        trigger_53_interact
     0000001A  ___bank_trigger_54_interact        trigger_54_interact
     0000001A  ___bank_trigger_58_interact        trigger_58_interact
     0000001A  ___bank_trigger_59_interact        trigger_59_interact
     0000001A  ___bank_trigger_60_interact        trigger_60_interact
     0000001A  ___bank_trigger_61_interact        trigger_61_interact
     0000001A  ___bank_trigger_64_interact        trigger_64_interact
     0000001A  ___bank_trigger_65_interact        trigger_65_interact
     0000001A  ___bank_trigger_70_interact        trigger_70_interact
     0000001A  ___bank_trigger_80_interact        trigger_80_interact
     0000001A  ___bank_trigger_81_interact        trigger_81_interact
     0000001A  ___bank_trigger_83_interact        trigger_83_interact
     0000001A  ___bank_trigger_8_interact         trigger_8_interact
     0000001A  ___bank_trigger_98_interact        trigger_98_interact
     0000001A  ___bank_trigger_99_interact        trigger_99_interact
     0000001A  ___bank_trigger_9_interact         trigger_9_interact
     0000001A  b_SIO_init                         sio
     0000001A  b_input_init                       input
     0000001A  b_logo_init                        logo
     0000001A  b_logo_update                      logo
     0000001A  b_parallax_init                    parallax
     0000001A  b_remove_LCD_ISRs                  interrupts
     0000001A  b_scroll_rect                      
     0000001C  __start_save                    
     00000027  l__GSINIT                       
     00000030  l__HEADER7                      
     00000060  l__HEADER4                      
     000000AB  l__HEADER11                     
     000001CB  l__CRASH_SCRATCH2               
     00000200  s__CODE                         
     00000EB9  l__CODE                         
     000010B9  s__HOME                         
     000019A5  l__DATA                         
     00002000  _rROMB0                            
     00002905  l__CODE_26                      
     00002C20  l__HOME                         
     00003000  _rROMB1                            
     00003CD9  s__BASE                         
     00003CD9  s__CODE_0                       
ASxxxx Linker V03.00/V05.40 + sdld,  page 17.
Hexadecimal  [32-Bits]

Area                                    Addr        Size        Decimal Bytes (Attributes)
--------------------------------        ----        ----        ------- ----- ------------
.  .ABS.                            00000000    00000000 =           0. bytes (ABS,CON)

      Value  Global                              Global Defined In Module
      -----  --------------------------------   ------------------------
     00003CD9  s__INITIALIZER                  
     00003CD9  s__LIT                          
     00003CF1  s__GSINIT                       
     00003D18  s__GSFINAL                      
     00003FFE  l__CODE_10                      
     00003FFE  l__CODE_15                      
     00003FFE  l__CODE_22                      
     00003FFE  l__CODE_24                      
     00003FFF  l__CODE_11                      
     00003FFF  l__CODE_13                      
     00003FFF  l__CODE_16                      
     00003FFF  l__CODE_17                      
     00003FFF  l__CODE_18                      
     00003FFF  l__CODE_19                      
     00003FFF  l__CODE_23                      
     00003FFF  l__CODE_25                      
     00003FFF  l__CODE_6                       
     00003FFF  l__CODE_9                       
     00004000  _RTC_SELECT_REG                    vm_rtc
     00004000  _rRAMB                             
     00004000  l__CODE_1                       
     00004000  l__CODE_12                      
     00004000  l__CODE_14                      
     00004000  l__CODE_2                       
     00004000  l__CODE_20                      
     00004000  l__CODE_21                      
     00004000  l__CODE_3                       
     00004000  l__CODE_4                       
     00004000  l__CODE_5                       
     00004000  l__CODE_7                       
     00004000  l__CODE_8                       
     00006000  _RTC_LATCH_REG                     vm_rtc
     00008000  __VRAM                             
     00008000  __VRAM8000                         
     00008800  __VRAM8800                         
     00009000  __VRAM9000                         
     00009800  __SCRN0                            
     00009C00  __SCRN1                            
     0000A000  _RTC_VALUE_REG                     vm_rtc
     0000A000  __SRAM                             
     0000C000  __RAM                              
     0000C000  _shadow_OAM                     
     0000C0A0  s__DATA                         
     0000D000  __RAMBANK                          
     0000DA45  s__BSS                          
     0000DA45  s__INITIALIZED                  
     0000DA5D  s__HEAP                         
     0000DA5D  s__HEAP_END                     
     0000DF00  .STACK                          
     0000DF00  _shadow_OAM2                       absolute
     0000DFA0  _BkgPalette                        absolute
ASxxxx Linker V03.00/V05.40 + sdld,  page 18.
Hexadecimal  [32-Bits]

Area                                    Addr        Size        Decimal Bytes (Attributes)
--------------------------------        ----        ----        ------- ----- ------------
.  .ABS.                            00000000    00000000 =           0. bytes (ABS,CON)

      Value  Global                              Global Defined In Module
      -----  --------------------------------   ------------------------
     0000DFE0  _vwf_tile_data                     absolute
     0000FE00  __OAMRAM                           
     0000FF00  _P1_REG                            
     0000FF00  __IO                               
     0000FF01  _SB_REG                            
     0000FF02  _SC_REG                            
     0000FF04  _DIV_REG                           
     0000FF05  _TIMA_REG                          
     0000FF06  _TMA_REG                           
     0000FF07  _TAC_REG                           
     0000FF0F  _IF_REG                            
     0000FF10  _NR10_REG                          
     0000FF11  _NR11_REG                          
     0000FF12  _NR12_REG                          
     0000FF13  _NR13_REG                          
     0000FF14  _NR14_REG                          
     0000FF16  _NR21_REG                          
     0000FF17  _NR22_REG                          
     0000FF18  _NR23_REG                          
     0000FF19  _NR24_REG                          
     0000FF1A  _NR30_REG                          
     0000FF1B  _NR31_REG                          
     0000FF1C  _NR32_REG                          
     0000FF1D  _NR33_REG                          
     0000FF1E  _NR34_REG                          
     0000FF20  _NR41_REG                          
     0000FF21  _NR42_REG                          
     0000FF22  _NR43_REG                          
     0000FF23  _NR44_REG                          
     0000FF24  _NR50_REG                          
     0000FF25  _NR51_REG                          
     0000FF26  _NR52_REG                          
     0000FF30  _AUD3WAVE                          
     0000FF30  _PCM_SAMPLE                        
     0000FF30  __AUD3WAVERAM                      
     0000FF40  _LCDC_REG                          
     0000FF41  _STAT_REG                          
     0000FF42  _SCY_REG                           
     0000FF43  _SCX_REG                           
     0000FF44  _LY_REG                            
     0000FF45  _LYC_REG                           
     0000FF46  _DMA_REG                           
     0000FF47  _BGP_REG                           
     0000FF48  _OBP0_REG                          
     0000FF49  _OBP1_REG                          
     0000FF4A  _WY_REG                            
     0000FF4B  _WX_REG                            
     0000FF4D  _KEY1_REG                          
     0000FF4F  _VBK_REG                           
     0000FF51  _HDMA1_REG                         
     0000FF52  _HDMA2_REG                         
ASxxxx Linker V03.00/V05.40 + sdld,  page 19.
Hexadecimal  [32-Bits]

Area                                    Addr        Size        Decimal Bytes (Attributes)
--------------------------------        ----        ----        ------- ----- ------------
.  .ABS.                            00000000    00000000 =           0. bytes (ABS,CON)

      Value  Global                              Global Defined In Module
      -----  --------------------------------   ------------------------
     0000FF53  _HDMA3_REG                         
     0000FF54  _HDMA4_REG                         
     0000FF55  _HDMA5_REG                         
     0000FF56  _RP_REG                            
     0000FF68  _BCPS_REG                          
     0000FF69  _BCPD_REG                          
     0000FF6A  _OCPS_REG                          
     0000FF6B  _OCPD_REG                          
     0000FF70  _SVBK_REG                          
     0000FF76  _PCM12_REG                         
     0000FF77  _PCM34_REG                         
     0000FF80  .refresh_OAM                    
     0000FF80  __HRAM                             
     0000FFFF  _IE_REG                            
     00014000  s__CODE_1                       
     00024000  s__CODE_2                       
     00034000  s__CODE_3                       
     00044000  s__CODE_4                       
     00054000  s__CODE_5                       
     00064000  s__CODE_6                       
     00074000  s__CODE_7                       
     00084000  s__CODE_8                       
     00094000  s__CODE_9                       
     000A4000  s__CODE_10                      
     000B4000  s__CODE_11                      
     000C4000  s__CODE_12                      
     000D4000  s__CODE_13                      
     000E4000  s__CODE_14                      
     000F4000  s__CODE_15                      
     00104000  s__CODE_16                      
     00114000  s__CODE_17                      
     00124000  s__CODE_18                      
     00134000  s__CODE_19                      
     00144000  s__CODE_20                      
     00154000  s__CODE_21                      
     00164000  s__CODE_22                      
     00174000  s__CODE_23                      
     00184000  s__CODE_24                      
     00194000  s__CODE_25                      
     001A4000  s__CODE_26                      
ASxxxx Linker V03.00/V05.40 + sdld,  page 20.
Hexadecimal  [32-Bits]

Area                                    Addr        Size        Decimal Bytes (Attributes)
--------------------------------        ----        ----        ------- ----- ------------
_CODE                               00000200    00000EB9 =        3769. bytes (REL,CON)

      Value  Global                              Global Defined In Module
      -----  --------------------------------   ------------------------
     00000200  ___HandleCrash                     
     0000020A  _SIO_send_byte                     
     0000021D  _SIO_receive                       
     0000022E  _GetWinAddr                        
     00000236  _GetBkgAddr                        
     00000244  _state_init                        
     00000249  _state_update                      
     0000026B  _ui_time_masks                     
     00000273  _ui_print_shift_char               
     000002F6  _ui_draw_frame_row                 
     000002FF  .ui_draw_frame_row                 
     00000328  _script_cmds                       vm_instructions
     00000560  _save_signature                    game_signature
     00000564  _start_scene_x                     
     00000566  _start_scene_y                     
     00000568  _start_scene_dir                   
     00000569  _start_scene                       
     0000056C  _start_player_move_speed           
     0000056D  _start_player_anim_tick            
     0000056E  _ui_fonts                          
     00000571  _core_reset_hook                   main
     00000579  _main                              main
     00000581  _state_start_fns                   
     00000587  _state_update_fns                  
     0000058D  _hUGE_init                         hUGEDriver_obj
     0000058F  hUGE_init                          hUGEDriver_obj
     000005E5  _hUGE_mute_channel                 hUGEDriver_obj
     000005E7  hUGE_mute_channel                  hUGEDriver_obj
     00000835  _hUGE_set_position                 hUGEDriver_obj
     00000837  hUGE_set_position                  hUGEDriver_obj
     000009FC  _hUGE_dosound                      hUGEDriver_obj
     000009FC  hUGE_dosound                       hUGEDriver_obj
     00000D28  _get_vram_byte                     
     00000D30  _get_win_tile_xy                   
     00000D38  _get_bkg_tile_xy                   
     00000D5F  _set_sprite_palette                CGB
     00000D64  _set_bkg_palette                   CGB
     00000D67  .set_palette                       CGB
     00000D86  _set_sprite_palette_entry          CGB
     00000D8B  _set_bkg_palette_entry             CGB
     00000D8E  .set_palette_entry                 CGB
     00000DAA  _hide_sprites_range                Metasprites
     00000DD9  __divsuchar                        divmod
     00000DDF  __modsuchar                        divmod
     00000DE8  __divuschar                        divmod
     00000DF1  __moduschar                        divmod
     00000DFD  __divschar                         divmod
     00000E02  __modschar                         divmod
     00000E09  __divsint                          divmod
     00000E12  __modsint                          divmod
ASxxxx Linker V03.00/V05.40 + sdld,  page 21.
Hexadecimal  [32-Bits]

Area                                    Addr        Size        Decimal Bytes (Attributes)
--------------------------------        ----        ----        ------- ----- ------------
_CODE                               00000200    00000EB9 =        3769. bytes (REL,CON)

      Value  Global                              Global Defined In Module
      -----  --------------------------------   ------------------------
     00000E1E  __divuchar                         divmod
     00000E23  __moduchar                         divmod
     00000E2A  __divuint                          divmod
     00000E33  __moduint                          divmod
     00000E3F  .div8                              divmod
     00000E3F  .mod8                              divmod
     00000E47  .div16                             divmod
     00000E47  .mod16                             divmod
     00000E7D  .divu8                             divmod
     00000E7D  .modu8                             divmod
     00000E80  .divu16                            divmod
     00000E80  .modu16                            divmod
     00000EC0  __mulsuchar                        mul
     00000EC3  __muluschar                        mul
     00000ECC  __mulschar                         mul
     00000ED4  __mulint                           mul
     00000EF3  __muluchar                         mul
     00000F05  _set_vram_byte                     
     00000F0E  _set_win_tile_xy                   
     00000F17  _set_bkg_tile_xy                   
     00000F46  .sgb_check                         
     00000F46  _sgb_check                         
     00000F8E  _sgb_transfer                      
     00000F93  .sgb_transfer                      
     00000FD4  .copy_vram                         
     00000FDA  _get_data                          
     00000FDA  _set_data                          
     00000FDA  _vmemcpy                           
     00001028  ___move_metasprite                 Metasprites
     00001065  ___memcpy                          
     00001065  _memcpy                            
     00001097  _cpu_slow                          CGB
     000010B2  _cpu_fast                          CGB

ASxxxx Linker V03.00/V05.40 + sdld,  page 22.
Hexadecimal  [32-Bits]

Area                                    Addr        Size        Decimal Bytes (Attributes)
--------------------------------        ----        ----        ------- ----- ------------
_HEADER0                            00000000    00000001 =           1. bytes (ABS,CON)

      Value  Global                              Global Defined In Module
      -----  --------------------------------   ------------------------
     00000020  .call_hl                           Runtime

ASxxxx Linker V03.00/V05.40 + sdld,  page 23.
Hexadecimal  [32-Bits]

Area                                    Addr        Size        Decimal Bytes (Attributes)
--------------------------------        ----        ----        ------- ----- ------------
_HEADER1                            00000000    00000005 =           5. bytes (ABS,CON)

      Value  Global                              Global Defined In Module
      -----  --------------------------------   ------------------------
     00000028  .MemsetSmall                       Runtime

ASxxxx Linker V03.00/V05.40 + sdld,  page 24.
Hexadecimal  [32-Bits]

Area                                    Addr        Size        Decimal Bytes (Attributes)
--------------------------------        ----        ----        ------- ----- ------------
_HEADER2                            00000000    00000007 =           7. bytes (ABS,CON)

      Value  Global                              Global Defined In Module
      -----  --------------------------------   ------------------------
     00000030  .MemcpySmall                       Runtime

ASxxxx Linker V03.00/V05.40 + sdld,  page 25.
Hexadecimal  [32-Bits]

Area                                    Addr        Size        Decimal Bytes (Attributes)
--------------------------------        ----        ----        ------- ----- ------------
_HEADER3                            00000000    00000008 =           8. bytes (ABS,CON)

      Value  Global                              Global Defined In Module
      -----  --------------------------------   ------------------------
ASxxxx Linker V03.00/V05.40 + sdld,  page 26.
Hexadecimal  [32-Bits]

Area                                    Addr        Size        Decimal Bytes (Attributes)
--------------------------------        ----        ----        ------- ----- ------------
_HEADER4                            00000000    00000060 =          96. bytes (ABS,CON)

      Value  Global                              Global Defined In Module
      -----  --------------------------------   ------------------------
     00000080  .int                               Runtime
     0000008F  _wait_int_handler                  Runtime
     0000009C  __standard_VBL_handler             Runtime
     000000AB  _refresh_OAM                       Runtime
     000000CC  _set_interrupts                    Runtime

ASxxxx Linker V03.00/V05.40 + sdld,  page 27.
Hexadecimal  [32-Bits]

Area                                    Addr        Size        Decimal Bytes (Attributes)
--------------------------------        ----        ----        ------- ----- ------------
_HEADER5                            00000000    00000001 =           1. bytes (ABS,CON)

      Value  Global                              Global Defined In Module
      -----  --------------------------------   ------------------------
ASxxxx Linker V03.00/V05.40 + sdld,  page 28.
Hexadecimal  [32-Bits]

Area                                    Addr        Size        Decimal Bytes (Attributes)
--------------------------------        ----        ----        ------- ----- ------------
_HEADER6                            00000000    00000002 =           2. bytes (ABS,CON)

      Value  Global                              Global Defined In Module
      -----  --------------------------------   ------------------------
ASxxxx Linker V03.00/V05.40 + sdld,  page 29.
Hexadecimal  [32-Bits]

Area                                    Addr        Size        Decimal Bytes (Attributes)
--------------------------------        ----        ----        ------- ----- ------------
_HEADER7                            00000000    00000030 =          48. bytes (ABS,CON)

      Value  Global                              Global Defined In Module
      -----  --------------------------------   ------------------------
ASxxxx Linker V03.00/V05.40 + sdld,  page 30.
Hexadecimal  [32-Bits]

Area                                    Addr        Size        Decimal Bytes (Attributes)
--------------------------------        ----        ----        ------- ----- ------------
_HEADER8                            00000000    00000006 =           6. bytes (ABS,CON)

      Value  Global                              Global Defined In Module
      -----  --------------------------------   ------------------------
ASxxxx Linker V03.00/V05.40 + sdld,  page 31.
Hexadecimal  [32-Bits]

Area                                    Addr        Size        Decimal Bytes (Attributes)
--------------------------------        ----        ----        ------- ----- ------------
_HEADER9                            00000000    00000003 =           3. bytes (ABS,CON)

      Value  Global                              Global Defined In Module
      -----  --------------------------------   ------------------------
ASxxxx Linker V03.00/V05.40 + sdld,  page 32.
Hexadecimal  [32-Bits]

Area                                    Addr        Size        Decimal Bytes (Attributes)
--------------------------------        ----        ----        ------- ----- ------------
_HEADERa                            00000000    00000001 =           1. bytes (ABS,CON)

      Value  Global                              Global Defined In Module
      -----  --------------------------------   ------------------------
ASxxxx Linker V03.00/V05.40 + sdld,  page 33.
Hexadecimal  [32-Bits]

Area                                    Addr        Size        Decimal Bytes (Attributes)
--------------------------------        ----        ----        ------- ----- ------------
_HEADERb                            00000000    00000001 =           1. bytes (ABS,CON)

      Value  Global                              Global Defined In Module
      -----  --------------------------------   ------------------------
ASxxxx Linker V03.00/V05.40 + sdld,  page 34.
Hexadecimal  [32-Bits]

Area                                    Addr        Size        Decimal Bytes (Attributes)
--------------------------------        ----        ----        ------- ----- ------------
_HEADERc                            00000000    00000001 =           1. bytes (ABS,CON)

[...]
/var/folders/rm/7qcjz4x50w71dwkwsqcd6r7m0000gp/T/_gbsbuild/obj/trigger_0_interact.rel
                                          [ trigger_0_interact ]
/var/folders/rm/7qcjz4x50w71dwkwsqcd6r7m0000gp/T/_gbsbuild/obj/trigger_1_interact.rel
                                          [ trigger_1_interact ]
/var/folders/rm/7qcjz4x50w71dwkwsqcd6r7m0000gp/T/_gbsbuild/obj/trigger_10_interact.rel
                                          [ trigger_10_interact ]
/var/folders/rm/7qcjz4x50w71dwkwsqcd6r7m0000gp/T/_gbsbuild/obj/trigger_100_interact.rel
                                          [ trigger_100_interact ]
/var/folders/rm/7qcjz4x50w71dwkwsqcd6r7m0000gp/T/_gbsbuild/obj/trigger_11_interact.rel
                                          [ trigger_11_interact ]
/var/folders/rm/7qcjz4x50w71dwkwsqcd6r7m0000gp/T/_gbsbuild/obj/trigger_12_interact.rel
                                          [ trigger_12_interact ]
/var/folders/rm/7qcjz4x50w71dwkwsqcd6r7m0000gp/T/_gbsbuild/obj/trigger_13_interact.rel
                                          [ trigger_13_interact ]
/var/folders/rm/7qcjz4x50w71dwkwsqcd6r7m0000gp/T/_gbsbuild/obj/trigger_14_interact.rel
                                          [ trigger_14_interact ]
/var/folders/rm/7qcjz4x50w71dwkwsqcd6r7m0000gp/T/_gbsbuild/obj/trigger_15_interact.rel
                                          [ trigger_15_interact ]
/var/folders/rm/7qcjz4x50w71dwkwsqcd6r7m0000gp/T/_gbsbuild/obj/trigger_16_interact.rel
                                          [ trigger_16_interact ]
/var/folders/rm/7qcjz4x50w71dwkwsqcd6r7m0000gp/T/_gbsbuild/obj/trigger_17_interact.rel
                                          [ trigger_17_interact ]
/var/folders/rm/7qcjz4x50w71dwkwsqcd6r7m0000gp/T/_gbsbuild/obj/trigger_18_interact.rel
                                          [ trigger_18_interact ]
/var/folders/rm/7qcjz4x50w71dwkwsqcd6r7m0000gp/T/_gbsbuild/obj/trigger_19_interact.rel
                                          [ trigger_19_interact ]
/var/folders/rm/7qcjz4x50w71dwkwsqcd6r7m0000gp/T/_gbsbuild/obj/trigger_2_interact.rel
                                          [ trigger_2_interact ]
/var/folders/rm/7qcjz4x50w71dwkwsqcd6r7m0000gp/T/_gbsbuild/obj/trigger_20_interact.rel
                                          [ trigger_20_interact ]
/var/folders/rm/7qcjz4x50w71dwkwsqcd6r7m0000gp/T/_gbsbuild/obj/trigger_21_interact.rel
                                          [ trigger_21_interact ]
/var/folders/rm/7qcjz4x50w71dwkwsqcd6r7m0000gp/T/_gbsbuild/obj/trigger_22_interact.rel
                                          [ trigger_22_interact ]
/var/folders/rm/7qcjz4x50w71dwkwsqcd6r7m0000gp/T/_gbsbuild/obj/trigger_23_interact.rel
                                          [ trigger_23_interact ]
/var/folders/rm/7qcjz4x50w71dwkwsqcd6r7m0000gp/T/_gbsbuild/obj/trigger_24_interact.rel
                                          [ trigger_24_interact ]
/var/folders/rm/7qcjz4x50w71dwkwsqcd6r7m0000gp/T/_gbsbuild/obj/trigger_25_interact.rel
                                          [ trigger_25_interact ]
/var/folders/rm/7qcjz4x50w71dwkwsqcd6r7m0000gp/T/_gbsbuild/obj/trigger_26_interact.rel
                                          [ trigger_26_interact ]
/var/folders/rm/7qcjz4x50w71dwkwsqcd6r7m0000gp/T/_gbsbuild/obj/trigger_27_interact.rel
                                          [ trigger_27_interact ]
/var/folders/rm/7qcjz4x50w71dwkwsqcd6r7m0000gp/T/_gbsbuild/obj/trigger_28_interact.rel
                                          [ trigger_28_interact ]
/var/folders/rm/7qcjz4x50w71dwkwsqcd6r7m0000gp/T/_gbsbuild/obj/trigger_29_interact.rel
                                          [ trigger_29_interact ]
/var/folders/rm/7qcjz4x50w71dwkwsqcd6r7m0000gp/T/_gbsbuild/obj/trigger_3_interact.rel
                                          [ trigger_3_interact ]
/var/folders/rm/7qcjz4x50w71dwkwsqcd6r7m0000gp/T/_gbsbuild/obj/trigger_30_interact.rel
                                          [ trigger_30_interact ]
/var/folders/rm/7qcjz4x50w71dwkwsqcd6r7m0000gp/T/_gbsbuild/obj/trigger_31_interact.rel
                                          [ trigger_31_interact ]
/var/folders/rm/7qcjz4x50w71dwkwsqcd6r7m0000gp/T/_gbsbuild/obj/trigger_32_interact.rel
                                          [ trigger_32_interact ]
/var/folders/rm/7qcjz4x50w71dwkwsqcd6r7m0000gp/T/_gbsbuild/obj/trigger_33_interact.rel
                                          [ trigger_33_interact ]
/var/folders/rm/7qcjz4x50w71dwkwsqcd6r7m0000gp/T/_gbsbuild/obj/trigger_34_interact.rel
                                          [ trigger_34_interact ]
/var/folders/rm/7qcjz4x50w71dwkwsqcd6r7m0000gp/T/_gbsbuild/obj/trigger_35_interact.rel
                                          [ trigger_35_interact ]
/var/folders/rm/7qcjz4x50w71dwkwsqcd6r7m0000gp/T/_gbsbuild/obj/trigger_36_interact.rel
                                          [ trigger_36_interact ]
/var/folders/rm/7qcjz4x50w71dwkwsqcd6r7m0000gp/T/_gbsbuild/obj/trigger_37_interact.rel
                                          [ trigger_37_interact ]
/var/folders/rm/7qcjz4x50w71dwkwsqcd6r7m0000gp/T/_gbsbuild/obj/trigger_38_interact.rel
                                          [ trigger_38_interact ]
/var/folders/rm/7qcjz4x50w71dwkwsqcd6r7m0000gp/T/_gbsbuild/obj/trigger_39_interact.rel
                                          [ trigger_39_interact ]
/var/folders/rm/7qcjz4x50w71dwkwsqcd6r7m0000gp/T/_gbsbuild/obj/trigger_4_interact.rel
                                          [ trigger_4_interact ]
/var/folders/rm/7qcjz4x50w71dwkwsqcd6r7m0000gp/T/_gbsbuild/obj/trigger_40_interact.rel
                                          [ trigger_40_interact ]
/var/folders/rm/7qcjz4x50w71dwkwsqcd6r7m0000gp/T/_gbsbuild/obj/trigger_41_interact.rel
                                          [ trigger_41_interact ]
/var/folders/rm/7qcjz4x50w71dwkwsqcd6r7m0000gp/T/_gbsbuild/obj/trigger_42_interact.rel
                                          [ trigger_42_interact ]
/var/folders/rm/7qcjz4x50w71dwkwsqcd6r7m0000gp/T/_gbsbuild/obj/trigger_43_interact.rel
                                          [ trigger_43_interact ]
/var/folders/rm/7qcjz4x50w71dwkwsqcd6r7m0000gp/T/_gbsbuild/obj/trigger_44_interact.rel
                                          [ trigger_44_interact ]
/var/folders/rm/7qcjz4x50w71dwkwsqcd6r7m0000gp/T/_gbsbuild/obj/trigger_45_interact.rel
                                          [ trigger_45_interact ]
/var/folders/rm/7qcjz4x50w71dwkwsqcd6r7m0000gp/T/_gbsbuild/obj/trigger_46_interact.rel
                                          [ trigger_46_interact ]
/var/folders/rm/7qcjz4x50w71dwkwsqcd6r7m0000gp/T/_gbsbuild/obj/trigger_47_interact.rel
                                          [ trigger_47_interact ]
/var/folders/rm/7qcjz4x50w71dwkwsqcd6r7m0000gp/T/_gbsbuild/obj/trigger_48_interact.rel
                                          [ trigger_48_interact ]
/var/folders/rm/7qcjz4x50w71dwkwsqcd6r7m0000gp/T/_gbsbuild/obj/trigger_49_interact.rel
                                          [ trigger_49_interact ]
/var/folders/rm/7qcjz4x50w71dwkwsqcd6r7m0000gp/T/_gbsbuild/obj/trigger_5_interact.rel
                                          [ trigger_5_interact ]
/var/folders/rm/7qcjz4x50w71dwkwsqcd6r7m0000gp/T/_gbsbuild/obj/trigger_50_interact.rel
                                          [ trigger_50_interact ]
/var/folders/rm/7qcjz4x50w71dwkwsqcd6r7m0000gp/T/_gbsbuild/obj/trigger_51_interact.rel
                                          [ trigger_51_interact ]
/var/folders/rm/7qcjz4x50w71dwkwsqcd6r7m0000gp/T/_gbsbuild/obj/trigger_52_interact.rel
                                          [ trigger_52_interact ]
/var/folders/rm/7qcjz4x50w71dwkwsqcd6r7m0000gp/T/_gbsbuild/obj/trigger_53_interact.rel
                                          [ trigger_53_interact ]
/var/folders/rm/7qcjz4x50w71dwkwsqcd6r7m0000gp/T/_gbsbuild/obj/trigger_54_interact.rel
                                          [ trigger_54_interact ]
/var/folders/rm/7qcjz4x50w71dwkwsqcd6r7m0000gp/T/_gbsbuild/obj/trigger_55_interact.rel
                                          [ trigger_55_interact ]
/var/folders/rm/7qcjz4x50w71dwkwsqcd6r7m0000gp/T/_gbsbuild/obj/trigger_56_interact.rel
                                          [ trigger_56_interact ]
/var/folders/rm/7qcjz4x50w71dwkwsqcd6r7m0000gp/T/_gbsbuild/obj/trigger_57_interact.rel
                                          [ trigger_57_interact ]
/var/folders/rm/7qcjz4x50w71dwkwsqcd6r7m0000gp/T/_gbsbuild/obj/trigger_58_interact.rel
                                          [ trigger_58_interact ]
/var/folders/rm/7qcjz4x50w71dwkwsqcd6r7m0000gp/T/_gbsbuild/obj/trigger_59_interact.rel
                                          [ trigger_59_interact ]
/var/folders/rm/7qcjz4x50w71dwkwsqcd6r7m0000gp/T/_gbsbuild/obj/trigger_6_interact.rel
                                          [ trigger_6_interact ]
/var/folders/rm/7qcjz4x50w71dwkwsqcd6r7m0000gp/T/_gbsbuild/obj/trigger_60_interact.rel
                                          [ trigger_60_interact ]
/var/folders/rm/7qcjz4x50w71dwkwsqcd6r7m0000gp/T/_gbsbuild/obj/trigger_61_interact.rel
                                          [ trigger_61_interact ]
/var/folders/rm/7qcjz4x50w71dwkwsqcd6r7m0000gp/T/_gbsbuild/obj/trigger_62_interact.rel
                                          [ trigger_62_interact ]
/var/folders/rm/7qcjz4x50w71dwkwsqcd6r7m0000gp/T/_gbsbuild/obj/trigger_63_interact.rel
                                          [ trigger_63_interact ]
/var/folders/rm/7qcjz4x50w71dwkwsqcd6r7m0000gp/T/_gbsbuild/obj/trigger_64_interact.rel
                                          [ trigger_64_interact ]
/var/folders/rm/7qcjz4x50w71dwkwsqcd6r7m0000gp/T/_gbsbuild/obj/trigger_65_interact.rel
                                          [ trigger_65_interact ]
/var/folders/rm/7qcjz4x50w71dwkwsqcd6r7m0000gp/T/_gbsbuild/obj/trigger_67_interact.rel
                                          [ trigger_67_interact ]
/var/folders/rm/7qcjz4x50w71dwkwsqcd6r7m0000gp/T/_gbsbuild/obj/trigger_68_interact.rel
                                          [ trigger_68_interact ]
/var/folders/rm/7qcjz4x50w71dwkwsqcd6r7m0000gp/T/_gbsbuild/obj/trigger_69_interact.rel
                                          [ trigger_69_interact ]
/var/folders/rm/7qcjz4x50w71dwkwsqcd6r7m0000gp/T/_gbsbuild/obj/trigger_7_interact.rel
                                          [ trigger_7_interact ]
/var/folders/rm/7qcjz4x50w71dwkwsqcd6r7m0000gp/T/_gbsbuild/obj/trigger_70_interact.rel
                                          [ trigger_70_interact ]
/var/folders/rm/7qcjz4x50w71dwkwsqcd6r7m0000gp/T/_gbsbuild/obj/trigger_71_interact.rel
                                          [ trigger_71_interact ]
/var/folders/rm/7qcjz4x50w71dwkwsqcd6r7m0000gp/T/_gbsbuild/obj/trigger_72_interact.rel
                                          [ trigger_72_interact ]
/var/folders/rm/7qcjz4x50w71dwkwsqcd6r7m0000gp/T/_gbsbuild/obj/trigger_73_interact.rel
                                          [ trigger_73_interact ]
/var/folders/rm/7qcjz4x50w71dwkwsqcd6r7m0000gp/T/_gbsbuild/obj/trigger_74_interact.rel
                                          [ trigger_74_interact ]
/var/folders/rm/7qcjz4x50w71dwkwsqcd6r7m0000gp/T/_gbsbuild/obj/trigger_76_interact.rel
                                          [ trigger_76_interact ]
/var/folders/rm/7qcjz4x50w71dwkwsqcd6r7m0000gp/T/_gbsbuild/obj/trigger_77_interact.rel
                                          [ trigger_77_interact ]
/var/folders/rm/7qcjz4x50w71dwkwsqcd6r7m0000gp/T/_gbsbuild/obj/trigger_78_interact.rel
                                          [ trigger_78_interact ]
/var/folders/rm/7qcjz4x50w71dwkwsqcd6r7m0000gp/T/_gbsbuild/obj/trigger_79_interact.rel
                                          [ trigger_79_interact ]
/var/folders/rm/7qcjz4x50w71dwkwsqcd6r7m0000gp/T/_gbsbuild/obj/trigger_8_interact.rel
                                          [ trigger_8_interact ]
/var/folders/rm/7qcjz4x50w71dwkwsqcd6r7m0000gp/T/_gbsbuild/obj/trigger_80_interact.rel
                                          [ trigger_80_interact ]
/var/folders/rm/7qcjz4x50w71dwkwsqcd6r7m0000gp/T/_gbsbuild/obj/trigger_81_interact.rel
                                          [ trigger_81_interact ]
/var/folders/rm/7qcjz4x50w71dwkwsqcd6r7m0000gp/T/_gbsbuild/obj/trigger_82_interact.rel
                                          [ trigger_82_interact ]
/var/folders/rm/7qcjz4x50w71dwkwsqcd6r7m0000gp/T/_gbsbuild/obj/trigger_83_interact.rel
                                          [ trigger_83_interact ]
/var/folders/rm/7qcjz4x50w71dwkwsqcd6r7m0000gp/T/_gbsbuild/obj/trigger_84_interact.rel
                                          [ trigger_84_interact ]
/var/folders/rm/7qcjz4x50w71dwkwsqcd6r7m0000gp/T/_gbsbuild/obj/trigger_85_interact.rel
                                          [ trigger_85_interact ]
/var/folders/rm/7qcjz4x50w71dwkwsqcd6r7m0000gp/T/_gbsbuild/obj/trigger_86_interact.rel
                                          [ trigger_86_interact ]
/var/folders/rm/7qcjz4x50w71dwkwsqcd6r7m0000gp/T/_gbsbuild/obj/trigger_87_interact.rel
                                          [ trigger_87_interact ]
/var/folders/rm/7qcjz4x50w71dwkwsqcd6r7m0000gp/T/_gbsbuild/obj/trigger_88_interact.rel
                                          [ trigger_88_interact ]
/var/folders/rm/7qcjz4x50w71dwkwsqcd6r7m0000gp/T/_gbsbuild/obj/trigger_89_interact.rel
                                          [ trigger_89_interact ]
/var/folders/rm/7qcjz4x50w71dwkwsqcd6r7m0000gp/T/_gbsbuild/obj/trigger_9_interact.rel
                                          [ trigger_9_interact ]
/var/folders/rm/7qcjz4x50w71dwkwsqcd6r7m0000gp/T/_gbsbuild/obj/trigger_90_interact.rel
                                          [ trigger_90_interact ]
/var/folders/rm/7qcjz4x50w71dwkwsqcd6r7m0000gp/T/_gbsbuild/obj/trigger_91_interact.rel
                                          [ trigger_91_interact ]
/var/folders/rm/7qcjz4x50w71dwkwsqcd6r7m0000gp/T/_gbsbuild/obj/trigger_92_interact.rel
                                          [ trigger_92_interact ]
/var/folders/rm/7qcjz4x50w71dwkwsqcd6r7m0000gp/T/_gbsbuild/obj/trigger_93_interact.rel
                                          [ trigger_93_interact ]
/var/folders/rm/7qcjz4x50w71dwkwsqcd6r7m0000gp/T/_gbsbuild/obj/trigger_94_interact.rel
                                          [ trigger_94_interact ]
/var/folders/rm/7qcjz4x50w71dwkwsqcd6r7m0000gp/T/_gbsbuild/obj/trigger_95_interact.rel
                                          [ trigger_95_interact ]
/var/folders/rm/7qcjz4x50w71dwkwsqcd6r7m0000gp/T/_gbsbuild/obj/trigger_96_interact.rel
                                          [ trigger_96_interact ]
/var/folders/rm/7qcjz4x50w71dwkwsqcd6r7m0000gp/T/_gbsbuild/obj/trigger_97_interact.rel
                                          [ trigger_97_interact ]
/var/folders/rm/7qcjz4x50w71dwkwsqcd6r7m0000gp/T/_gbsbuild/obj/trigger_98_interact.rel
                                          [ trigger_98_interact ]
/var/folders/rm/7qcjz4x50w71dwkwsqcd6r7m0000gp/T/_gbsbuild/obj/trigger_99_interact.rel
                                          [ trigger_99_interact ]
/var/folders/rm/7qcjz4x50w71dwkwsqcd6r7m0000gp/T/_gbsbuild/obj/main.rel
                                          [ main ]
/var/folders/rm/7qcjz4x50w71dwkwsqcd6r7m0000gp/T/_gbsbuild/obj/logo.rel
                                          [ logo ]
/var/folders/rm/7qcjz4x50w71dwkwsqcd6r7m0000gp/T/_gbsbuild/obj/states_ptrs.rel
                                          [  ]
/var/folders/rm/7qcjz4x50w71dwkwsqcd6r7m0000gp/T/_gbsbuild/obj/topdown.rel
                                          [ topdown ]


Libraries Linked                          [ object file ]

/var/folders/rm/7qcjz4x50w71dwkwsqcd6r7m0000gp/T/_gbstools/gbdk/lib/gb/gb.lib
                                          [ fill_rect_wi.o ]
/var/folders/rm/7qcjz4x50w71dwkwsqcd6r7m0000gp/T/_gbstools/gbdk/lib/sm83/sm83.lib
                                          [ rand.o ]
lib/hUGEDriver.lib                        [ hUGEDriver.o ]
/var/folders/rm/7qcjz4x50w71dwkwsqcd6r7m0000gp/T/_gbstools/gbdk/lib/gb/gb.lib
                                          [ sfr.o ]
/var/folders/rm/7qcjz4x50w71dwkwsqcd6r7m0000gp/T/_gbstools/gbdk/lib/gb/gb.lib
                                          [ get_data.o ]
/var/folders/rm/7qcjz4x50w71dwkwsqcd6r7m0000gp/T/_gbstools/gbdk/lib/gb/gb.lib
                                          [ get_tile.o ]
/var/folders/rm/7qcjz4x50w71dwkwsqcd6r7m0000gp/T/_gbstools/gbdk/lib/gb/gb.lib
                                          [ cgb_palettes.o ]
/var/folders/rm/7qcjz4x50w71dwkwsqcd6r7m0000gp/T/_gbstools/gbdk/lib/gb/gb.lib
                                          [ metasprites_hide_spr.o ]
/var/folders/rm/7qcjz4x50w71dwkwsqcd6r7m0000gp/T/_gbstools/gbdk/lib/sm83/sm83.lib
                                          [ div.o ]
/var/folders/rm/7qcjz4x50w71dwkwsqcd6r7m0000gp/T/_gbstools/gbdk/lib/sm83/sm83.lib
                                          [ mul.o ]
/var/folders/rm/7qcjz4x50w71dwkwsqcd6r7m0000gp/T/_gbstools/gbdk/lib/gb/gb.lib
                                          [ set_tile.o ]
/var/folders/rm/7qcjz4x50w71dwkwsqcd6r7m0000gp/T/_gbstools/gbdk/lib/sm83/sm83.lib
                                          [ abs.o ]
/var/folders/rm/7qcjz4x50w71dwkwsqcd6r7m0000gp/T/_gbstools/gbdk/lib/gb/gb.lib
                                          [ set_wi_t.o ]
/var/folders/rm/7qcjz4x50w71dwkwsqcd6r7m0000gp/T/_gbstools/gbdk/lib/gb/gb.lib
                                          [ set_data.o ]
/var/folders/rm/7qcjz4x50w71dwkwsqcd6r7m0000gp/T/_gbstools/gbdk/lib/sm83/sm83.lib
                                          [ reverse.o ]
/var/folders/rm/7qcjz4x50w71dwkwsqcd6r7m0000gp/T/_gbstools/gbdk/lib/gb/gb.lib
                                          [ far_ptr.o ]
/var/folders/rm/7qcjz4x50w71dwkwsqcd6r7m0000gp/T/_gbstools/gbdk/lib/gb/gb.lib
                                          [ sgb.o ]
/var/folders/rm/7qcjz4x50w71dwkwsqcd6r7m0000gp/T/_gbstools/gbdk/lib/gb/gb.lib
                                          [ lcd.o ]
/var/folders/rm/7qcjz4x50w71dwkwsqcd6r7m0000gp/T/_gbstools/gbdk/lib/gb/gb.lib
                                          [ fill_rect.o ]
/var/folders/rm/7qcjz4x50w71dwkwsqcd6r7m0000gp/T/_gbstools/gbdk/lib/gb/gb.lib
                                          [ cpy_data.o ]
/var/folders/rm/7qcjz4x50w71dwkwsqcd6r7m0000gp/T/_gbstools/gbdk/lib/gb/gb.lib
                                          [ fill_rect_bk.o ]
/var/folders/rm/7qcjz4x50w71dwkwsqcd6r7m0000gp/T/_gbstools/gbdk/lib/gb/gb.lib
                                          [ pad.o ]
/var/folders/rm/7qcjz4x50w71dwkwsqcd6r7m0000gp/T/_gbstools/gbdk/lib/gb/gb.lib
                                          [ metasprites.o ]
/var/folders/rm/7qcjz4x50w71dwkwsqcd6r7m0000gp/T/_gbstools/gbdk/lib/sm83/sm83.lib
                                          [ __sdcc_call_hl.o ]
/var/folders/rm/7qcjz4x50w71dwkwsqcd6r7m0000gp/T/_gbstools/gbdk/lib/sm83/sm83.lib
                                          [ memcpy.o ]
/var/folders/rm/7qcjz4x50w71dwkwsqcd6r7m0000gp/T/_gbstools/gbdk/lib/sm83/sm83.lib
                                          [ _memset.o ]
/var/folders/rm/7qcjz4x50w71dwkwsqcd6r7m0000gp/T/_gbstools/gbdk/lib/gb/gb.lib
                                          [ ___sdcc_bcall_ehl.o ]
/var/folders/rm/7qcjz4x50w71dwkwsqcd6r7m0000gp/T/_gbstools/gbdk/lib/gb/gb.lib
                                          [ set_xy_t.o ]
/var/folders/rm/7qcjz4x50w71dwkwsqcd6r7m0000gp/T/_gbstools/gbdk/lib/gb/gb.lib
                                          [ cgb.o ]
/var/folders/rm/7qcjz4x50w71dwkwsqcd6r7m0000gp/T/_gbstools/gbdk/lib/gb/gb.lib
                                          [ set_bk_t.o ]

ASxxxx Linker V03.00/V05.40 + sdld,  page 132.

User Base Address Definitions

_DATA=0xC0A0
_CODE=0x0200
ASxxxx Linker V03.00/V05.40 + sdld,  page 133.

User Global Definitions

.STACK=0xDF00
_shadow_OAM=0xC000
.refresh_OAM=0xFF80
__start_save=28

